// Jest Snapshot v1, https://goo.gl/fbAQLP

exports[`About Page Component 1`] = `
<div>
  <h1>
    This is the about page
  </h1>
</div>
`;
