// Jest Snapshot v1, https://goo.gl/fbAQLP

exports[`should render the add habit button correctly 1`] = `
<div>
  <a
    href="/create-habit"
  >
    <i
      class="fa"
    />
  </a>
</div>
`;
