// Jest Snapshot v1, https://goo.gl/fbAQLP

exports[`should render <ControlledInput /> correctly 1`] = `
<div>
  <div
    class="test-class"
  >
    <input
      name="test-field"
      form="[object Object]"
      type="text"
      class="form-control"
      value="controlled value"
    />
  </div>
</div>
`;
