// Jest Snapshot v1, https://goo.gl/fbAQLP

exports[`should render <CustomInput /> correctly 1`] = `
<div>
  <div
    class="test-class"
  >
    <input
      name="test-field"
      type="text"
      class="form-control"
    />
  </div>
</div>
`;
